[2025-01-26 10:57:56] Test:     [Test_get_filename_ValidPath]
              Result:   [PASS]
              Details:  [Extracted filename correctly.]

[2025-01-26 10:57:56] Test:     [Test_get_filename_NoExtension]
              Result:   [PASS]
              Details:  [Handled filename without extension.]

[2025-01-26 10:57:56] Test:     [Test_get_filename_MultipleDots]
              Result:   [FAIL]
              Details:  [Failed to handle multiple dots.]

[2025-01-26 10:57:56] Test:     [Test_get_filename_NullInput]
              Result:   [PASS]
              Details:  [Handled NULL input safely.]

[2025-01-26 10:57:56] Test:     [Test_string_malloc]
              Result:   [PASS]
              Details:  [Allocated memory successfully.]

[2025-01-26 10:57:56] Test:     [Test_string_calloc]
              Result:   [PASS]
              Details:  [Allocated and zero-initialized memory successfully.]

[2025-01-26 10:57:56] Test:     [Test_my_strdup]
              Result:   [PASS]
              Details:  [Duplicated string correctly.]

[2025-01-26 10:57:56] Test:     [Test_is_instruction_valid]
              Result:   [PASS]
              Details:  [Recognized valid instruction.]

[2025-01-26 10:57:56] Test:     [Test_is_instruction_invalid]
              Result:   [PASS]
              Details:  [Correctly rejected invalid instruction.]

[2025-01-26 10:57:56] Test:     [Test_is_directive_valid]
              Result:   [PASS]
              Details:  [Recognized valid directive.]

[2025-01-26 10:57:56] Test:     [Test_is_directive_invalid]
              Result:   [PASS]
              Details:  [Correctly rejected invalid directive.]

[2025-01-26 10:57:56] Test:     [Test_hash_deterministic]
              Result:   [PASS]
              Details:  [Hash function produced consistent results.]

[2025-01-26 10:57:56] Test:     [Test_hash_unique]
              Result:   [PASS]
              Details:  [Hash function produced unique values.]

